../Core/Src/main.c:102:5:main	72	static
../Core/Src/main.c:196:6:SystemClock_Config	128	static
../Core/Src/main.c:263:6:PeriphCommonClock_Config	200	static
../Core/Src/main.c:293:13:MX_ADC1_Init	48	static
../Core/Src/main.c:361:13:MX_I2C1_Init	8	static
../Core/Src/main.c:409:13:MX_I2C2_Init	8	static
../Core/Src/main.c:457:13:MX_I2C4_Init	8	static
../Core/Src/main.c:505:13:MX_SPI4_Init	8	static
../Core/Src/main.c:553:13:MX_TIM3_Init	48	static
../Core/Src/main.c:602:13:MX_TIM4_Init	48	static
../Core/Src/main.c:663:13:MX_TIM5_Init	48	static
../Core/Src/main.c:716:13:MX_UART4_Init	8	static
../Core/Src/main.c:764:13:MX_UART5_Init	8	static
../Core/Src/main.c:812:13:MX_USART1_UART_Init	8	static
../Core/Src/main.c:860:13:MX_USART2_UART_Init	8	static
../Core/Src/main.c:908:13:MX_USART3_UART_Init	8	static
../Core/Src/main.c:956:13:MX_USB_OTG_FS_USB_Init	4	static
../Core/Src/main.c:977:13:MX_GPIO_Init	48	static
../Core/Src/main.c:1050:6:StartBlinkLED1	16	static
../Core/Src/main.c:1075:6:StartBlinkLED2	16	static
../Core/Src/main.c:1103:6:HAL_TIM_PeriodElapsedCallback	16	static
../Core/Src/main.c:1120:6:Error_Handler	4	static,ignoring_inline_asm
